
> frontend@0.0.0 build
> tsc -b && vite build

src/components/attendance/AttendanceCalendarView.tsx(48,9): error TS6133: 'reportPct' is declared but its value is never read.
src/components/attendance/AttendanceCalendarView.tsx(216,54): error TS2353: Object literal may only specify known properties, and 'deptName' does not exist in type '{ id: number; name: string; }'.
src/components/attendance/AttendanceCalendarView.tsx(233,60): error TS2353: Object literal may only specify known properties, and 'deptName' does not exist in type '{ id: number; name: string; }'.
src/components/attendance/AttendanceCalendarView.tsx(240,50): error TS2353: Object literal may only specify known properties, and 'deptName' does not exist in type '{ id: number; name: string; }'.
src/components/attendance/AttendanceCalendarView.tsx(502,9): error TS2353: Object literal may only specify known properties, and 'onClone' does not exist in type 'Options'.
src/components/attendance/AttendanceCalendarView.tsx(529,9): error TS6133: 'pct' is declared but its value is never read.
src/components/attendance/AttendanceCalendarView.tsx(679,52): error TS2339: Property 'deptName' does not exist on type '{ id: number; name: string; }'.
src/components/attendance/AttendanceCalendarView.tsx(715,98): error TS6133: 'sections' is declared but its value is never read.
src/components/attendance/AttendanceCalendarView.tsx(715,113): error TS6133: 'teams' is declared but its value is never read.
src/components/attendance/AttendanceCalendarView.tsx(814,9): error TS2353: Object literal may only specify known properties, and 'onClone' does not exist in type 'Options'.
src/components/common/DateHeader.tsx(2,18): error TS6133: 'subDays' is declared but its value is never read.
src/components/common/DateHeader.tsx(2,27): error TS6133: 'addDays' is declared but its value is never read.
src/components/common/DateHeader.tsx(2,47): error TS6133: 'differenceInCalendarDays' is declared but its value is never read.
src/components/common/DateHeader.tsx(4,10): error TS6133: 'ChevronRight' is declared but its value is never read.
src/components/common/DateHeader.tsx(4,24): error TS6133: 'ChevronLeft' is declared but its value is never read.
src/components/common/DateHeader.tsx(10,94): error TS6133: 'compact' is declared but its value is never read.
src/components/common/FeedbackCenter.tsx(6,3): error TS6133: 'DialogHeader' is declared but its value is never read.
src/components/common/FeedbackCenter.tsx(12,1): error TS6133: 'Input' is declared but its value is never read.
src/components/common/FeedbackCenter.tsx(18,3): error TS6133: 'Clock' is declared but its value is never read.
src/components/common/FeedbackCenter.tsx(19,3): error TS6133: 'Wrench' is declared but its value is never read.
src/components/common/GlobalAiSupport.tsx(3,3): error TS6133: 'MessageCircle' is declared but its value is never read.
src/components/common/GlobalAiSupport.tsx(9,3): error TS6133: 'ChevronRight' is declared but its value is never read.
src/components/common/GlobalAiSupport.tsx(10,3): error TS6133: 'Map' is declared but its value is never read.
src/components/common/GlobalAiSupport.tsx(11,3): error TS6133: 'Lightbulb' is declared but its value is never read.
src/components/common/GlobalAiSupport.tsx(13,3): error TS6133: 'RefreshCw' is declared but its value is never read.
src/components/common/GlobalAiSupport.tsx(14,3): error TS6133: 'Trash2' is declared but its value is never read.
src/components/common/GlobalAiSupport.tsx(16,3): error TS6133: 'Maximize2' is declared but its value is never read.
src/components/common/GlobalAiSupport.tsx(23,1): error TS6133: 'useAuthContext' is declared but its value is never read.
src/components/common/GlobalAiSupport.tsx(24,1): error TS6133: 'apiClient' is declared but its value is never read.
src/components/common/GlobalAiSupport.tsx(276,38): error TS2304: Cannot find name 'handleCloseSpotlight'.
src/components/dashboard/AgeDistributionChart.tsx(14,1): error TS6133: 'format' is declared but its value is never read.
src/components/dashboard/AgeDistributionChart.tsx(31,3): error TS6133: 'selectedDate' is declared but its value is never read.
src/components/dashboard/AttendanceTrendCard.tsx(18,3): error TS6133: 'BarChart' is declared but its value is never read.
src/components/dashboard/AttendanceTrendCard.tsx(19,3): error TS6133: 'Bar' is declared but its value is never read.
src/components/dashboard/AttendanceTrendCard.tsx(20,3): error TS6133: 'Cell' is declared but its value is never read.
src/components/dashboard/AttendanceTrendCard.tsx(24,1): error TS6192: All imports in import declaration are unused.
src/components/dashboard/AttendanceTrendCard.tsx(31,1): error TS6133: 'Button' is declared but its value is never read.
src/components/dashboard/AttendanceTrendCard.tsx(34,1): error TS6133: 'Badge' is declared but its value is never read.
src/components/dashboard/AttendanceTrendCard.tsx(35,1): error TS6133: 'WhatsAppButton' is declared but its value is never read.
src/components/dashboard/AttendanceTrendCard.tsx(70,7): error TS6133: 'filterTags' is declared but its value is never read.
src/components/dashboard/AttendanceTrendCard.tsx(253,11): error TS6133: 'getAxisTickFormatter' is declared but its value is never read.
src/components/dashboard/AttendanceTrendCard.tsx(266,11): error TS6133: 'maxTotal' is declared but its value is never read.
src/components/dashboard/AttendanceTrendCard.tsx(272,11): error TS6133: 'getBarColor' is declared but its value is never read.
src/components/dashboard/AttendanceTrendCard.tsx(419,21): error TS2322: Type '(value: any, name: string) => [any, string]' is not assignable to type 'Formatter<any, string> & ((value: any, name: string, item: Payload<any, string>, index: number, payload: Payload<any, string>[]) => ReactNode | [...])'.
  Type '(value: any, name: string) => [any, string]' is not assignable to type 'Formatter<any, string>'.
    Types of parameters 'name' and 'name' are incompatible.
      Type 'string | undefined' is not assignable to type 'string'.
        Type 'undefined' is not assignable to type 'string'.
src/components/dashboard/BirthdaysCard.tsx(15,36): error TS6133: 'ChevronLeft' is declared but its value is never read.
src/components/dashboard/BirthdaysCard.tsx(47,35): error TS6133: 'loading' is declared but its value is never read.
src/components/dashboard/EmployeesChart.tsx(6,57): error TS6133: 'ChevronLeft' is declared but its value is never read.
src/components/dashboard/EmployeesChart.tsx(282,70): error TS2339: Property 'percentage' does not exist on type 'PieLabelRenderProps'.
src/components/dashboard/EmployeesChart.tsx(285,59): error TS18048: 'midAngle' is possibly 'undefined'.
src/components/dashboard/EmployeesChart.tsx(286,59): error TS18048: 'midAngle' is possibly 'undefined'.
src/components/dashboard/ReportHub.tsx(411,101): error TS2322: Type '{ stats: any[]; total: any; loading: boolean; hideHeader: boolean; unitName: string; selectedDate: Date; }' is not assignable to type 'IntrinsicAttributes & EmployeesChartProps & RefAttributes<unknown>'.
  Property 'hideHeader' does not exist on type 'IntrinsicAttributes & EmployeesChartProps & RefAttributes<unknown>'.
src/components/dashboard/StatCards.tsx(2,17): error TS6133: 'HelpCircle' is declared but its value is never read.
src/components/dashboard/StatCards.tsx(21,9): error TS6133: 'reportedCount' is declared but its value is never read.
src/components/dashboard/StatsComparisonCard.tsx(17,1): error TS6133: 'Progress' is declared but its value is never read.
src/components/employees/modals/EmployeeDetailsModal.tsx(14,3): error TS6133: 'Building2' is declared but its value is never read.
src/components/layout/ChatSidebar.tsx(6,3): error TS6133: 'User' is declared but its value is never read.
src/components/layout/ChatSidebar.tsx(11,3): error TS6133: 'Video' is declared but its value is never read.
src/components/layout/CommandMenu.tsx(12,14): error TS6133: 'CommandIcon' is declared but its value is never read.
src/components/layout/CommandMenu.tsx(15,3): error TS6133: 'ShieldCheck' is declared but its value is never read.
src/components/layout/CommandMenu.tsx(104,58): error TS2322: Type '"צוות"' is not assignable to type 'Category'.
src/components/layout/MainLayout.tsx(51,29): error TS6133: 'MessageSquare' is declared but its value is never read.
src/components/layout/MainLayout.tsx(206,11): error TS2353: Object literal may only specify known properties, and 'onClick' does not exist in type 'ExternalToast'.
src/components/settings/BackupSettings.tsx(11,1): error TS6133: 'motion' is declared but its value is never read.
src/components/settings/ProfileSettings.tsx(176,48): error TS2339: Property 'PasswordCredential' does not exist on type 'Window & typeof globalThis'.
src/components/settings/ProfileSettings.tsx(734,30): error TS6133: 'Icon' is declared but its value is never read.
src/components/settings/SecuritySettings.tsx(14,3): error TS6133: 'Activity' is declared but its value is never read.
src/components/settings/SecuritySettings.tsx(15,3): error TS6133: 'Cpu' is declared but its value is never read.
src/components/settings/SecuritySettings.tsx(16,3): error TS6133: 'Wifi' is declared but its value is never read.
src/components/settings/SecuritySettings.tsx(17,3): error TS6133: 'Search' is declared but its value is never read.
src/components/settings/SecuritySettings.tsx(18,3): error TS6133: 'Laptop2' is declared but its value is never read.
src/components/settings/SecuritySettings.tsx(19,3): error TS6133: 'ChevronDown' is declared but its value is never read.
src/components/settings/SecuritySettings.tsx(21,1): error TS6192: All imports in import declaration are unused.
src/components/settings/SecuritySettings.tsx(22,1): error TS6133: 'apiClient' is declared but its value is never read.
src/components/settings/SecuritySettings.tsx(23,1): error TS6133: 'format' is declared but its value is never read.
src/components/settings/SecuritySettings.tsx(24,18): error TS6133: 'AnimatePresence' is declared but its value is never read.
src/components/settings/SecuritySettings.tsx(382,10): error TS6133: 'TabButton' is declared but its value is never read.
src/pages/AttendancePage.tsx(8,1): error TS6133: 'he' is declared but its value is never read.
src/pages/AttendancePage.tsx(55,1): error TS6133: 'DateHeader' is declared but its value is never read.
src/pages/AttendancePage.tsx(545,9): error TS6133: 'progressPercent' is declared but its value is never read.
src/pages/DashboardPage.tsx(537,9): error TS6133: 'chartDescription' is declared but its value is never read.
src/pages/FeedbackPage.tsx(1,8): error TS6133: 'React' is declared but its value is never read.
src/pages/FeedbackPage.tsx(14,3): error TS6133: 'MessageSquarePlus' is declared but its value is never read.
src/pages/FeedbackPage.tsx(38,9): error TS6133: 'navigate' is declared but its value is never read.
src/pages/FeedbackPage.tsx(46,10): error TS6133: 'category' is declared but its value is never read.
src/pages/FeedbackPage.tsx(46,20): error TS6133: 'setCategory' is declared but its value is never read.
src/pages/FeedbackPage.tsx(47,10): error TS6133: 'description' is declared but its value is never read.
src/pages/FeedbackPage.tsx(47,23): error TS6133: 'setDescription' is declared but its value is never read.
src/pages/RosterPage.tsx(165,11): error TS2304: Cannot find name 'startOfWeek'.
src/pages/RosterPage.tsx(180,11): error TS2304: Cannot find name 'endOfWeek'.
src/pages/SettingsPage.tsx(15,3): error TS6133: 'History' is declared but its value is never read.
